V3 199
FL C:/David/jop3_ham_crc/jop/vhdl/core/bcfetch.vhd 2008/06/25.11:12:10 J.30
EN work/bcfetch 1240841944 FL C:/David/jop3_ham_crc/jop/vhdl/core/bcfetch.vhd \
      PB ieee/std_logic_1164 1163575071 PH ieee/NUMERIC_STD 1163575073 \
      PH work/jop_types 1240841910
AR work/bcfetch/rtl 1240841945 \
      FL C:/David/jop3_ham_crc/jop/vhdl/core/bcfetch.vhd EN work/bcfetch 1240841944 \
      CP jtbl
FL C:/David/jop3_ham_crc/jop/vhdl/core/cache.vhd 2008/11/09.13:59:46 J.30
EN work/cache 1240841936 FL C:/David/jop3_ham_crc/jop/vhdl/core/cache.vhd \
      PB ieee/std_logic_1164 1163575071 PH ieee/NUMERIC_STD 1163575073 \
      PH work/jop_types 1240841910
AR work/cache/rtl 1240841937 \
      FL C:/David/jop3_ham_crc/jop/vhdl/core/cache.vhd EN work/cache 1240841936
FL C:/David/jop3_ham_crc/jop/vhdl/core/core.vhd 2008/06/25.11:12:10 J.30
EN work/core 1240841958 FL C:/David/jop3_ham_crc/jop/vhdl/core/core.vhd \
      PB ieee/std_logic_1164 1163575071 PH ieee/NUMERIC_STD 1163575073 \
      PH work/jop_types 1240841910 PB work/jop_config 1240841920
AR work/core/rtl 1240841959 \
      FL C:/David/jop3_ham_crc/jop/vhdl/core/core.vhd EN work/core 1240841958 \
      CP bcfetch CP fetch CP stack CP decode
FL C:/David/jop3_ham_crc/jop/vhdl/core/decode.vhd 2008/04/30.13:00:38 J.30
EN work/decode 1240841950 FL C:/David/jop3_ham_crc/jop/vhdl/core/decode.vhd \
      PB ieee/std_logic_1164 1163575071 PH ieee/NUMERIC_STD 1163575073 \
      PB work/jop_config 1240841920 PH work/jop_types 1240841910
AR work/decode/rtl 1240841951 \
      FL C:/David/jop3_ham_crc/jop/vhdl/core/decode.vhd EN work/decode 1240841950
FL C:/David/jop3_ham_crc/jop/vhdl/core/extension.vhd 2008/04/30.13:00:38 J.30
EN work/extension 1240841960 FL C:/David/jop3_ham_crc/jop/vhdl/core/extension.vhd \
      PB ieee/std_logic_1164 1163575071 PH ieee/NUMERIC_STD 1163575073 \
      PH work/jop_types 1240841910
AR work/extension/rtl 1240841961 \
      FL C:/David/jop3_ham_crc/jop/vhdl/core/extension.vhd EN work/extension 1240841960 \
      CP mul
FL C:/David/jop3_ham_crc/jop/vhdl/core/fetch.vhd 2008/02/23.19:18:44 J.30
EN work/fetch 1240841946 FL C:/David/jop3_ham_crc/jop/vhdl/core/fetch.vhd \
      PB ieee/std_logic_1164 1163575071 PH ieee/NUMERIC_STD 1163575073
AR work/fetch/rtl 1240841947 \
      FL C:/David/jop3_ham_crc/jop/vhdl/core/fetch.vhd EN work/fetch 1240841946 \
      CP rom CP offtbl
FL C:/David/jop3_ham_crc/jop/vhdl/core/jopcpu.vhd 2009/04/27.09:03:02 J.30
EN work/jopcpu 1240841966 FL C:/David/jop3_ham_crc/jop/vhdl/core/jopcpu.vhd \
      PB ieee/std_logic_1164 1163575071 PH ieee/NUMERIC_STD 1163575073 \
      PH work/jop_types 1240841910 PH work/sc_pack 1240841935
AR work/jopcpu/rtl 1240841967 \
      FL C:/David/jop3_ham_crc/jop/vhdl/core/jopcpu.vhd EN work/jopcpu 1240841966 \
      CP work/core CP work/extension CP work/mem_sc CP work/sdpram
FL C:/David/jop3_ham_crc/jop/vhdl/core/jop_types.vhd 2008/06/13.08:10:06 J.30
PH work/jop_types 1240841910 FL C:/David/jop3_ham_crc/jop/vhdl/core/jop_types.vhd \
      PB ieee/std_logic_1164 1163575071
FL C:/David/jop3_ham_crc/jop/vhdl/core/mul.vhd 2008/02/26.03:20:18 J.30
EN work/mul 1240841942 FL C:/David/jop3_ham_crc/jop/vhdl/core/mul.vhd \
      PB ieee/std_logic_1164 1163575071 PH ieee/NUMERIC_STD 1163575073 \
      PB ieee/STD_LOGIC_UNSIGNED 1163575073
AR work/mul/rtl 1240841943 \
      FL C:/David/jop3_ham_crc/jop/vhdl/core/mul.vhd EN work/mul 1240841942
FL C:/David/jop3_ham_crc/jop/vhdl/core/shift.vhd 2008/02/23.19:18:44 J.30
EN work/shift 1240841921 FL C:/David/jop3_ham_crc/jop/vhdl/core/shift.vhd \
      PB ieee/std_logic_1164 1163575071 PH ieee/NUMERIC_STD 1163575073
AR work/shift/rtl 1240841922 \
      FL C:/David/jop3_ham_crc/jop/vhdl/core/shift.vhd EN work/shift 1240841921
FL C:/David/jop3_ham_crc/jop/vhdl/core/stack.vhd 2008/07/21.11:12:18 J.30
EN work/stack 1240841948 FL C:/David/jop3_ham_crc/jop/vhdl/core/stack.vhd \
      PB ieee/std_logic_1164 1163575071 PH ieee/NUMERIC_STD 1163575073 \
      PB work/jop_config 1240841920
AR work/stack/rtl 1240841949 \
      FL C:/David/jop3_ham_crc/jop/vhdl/core/stack.vhd EN work/stack 1240841948 \
      CP shift CP ram
FL C:/David/jop3_ham_crc/jop/vhdl/crc/crc.vhd 2009/04/27.11:06:14 J.30
EN work/crc 1240841940 FL C:/David/jop3_ham_crc/jop/vhdl/crc/crc.vhd \
      PB ieee/std_logic_1164 1163575071 PH ieee/NUMERIC_STD 1163575073 \
      PH work/jop_types 1240841910
AR work/crc/behavior 1240841941 \
      FL C:/David/jop3_ham_crc/jop/vhdl/crc/crc.vhd EN work/crc 1240841940
FL C:/David/jop3_ham_crc/jop/vhdl/hamming/hamming/decoder/ham_decod.vhd 2009/04/23.09:10:19 J.30
EN work/ham_decod 1240841913 \
      FL C:/David/jop3_ham_crc/jop/vhdl/hamming/hamming/decoder/ham_decod.vhd \
      PB ieee/std_logic_1164 1163575071 PB ieee/MATH_REAL 1163575074 \
      PH ieee/NUMERIC_STD 1163575073
AR work/ham_decod/behavior 1240841914 \
      FL C:/David/jop3_ham_crc/jop/vhdl/hamming/hamming/decoder/ham_decod.vhd \
      EN work/ham_decod 1240841913
FL C:/David/jop3_ham_crc/jop/vhdl/hamming/hamming/encoder/ham_enc.vhd 2009/04/23.09:08:52 J.30
EN work/ham_enc 1240841911 \
      FL C:/David/jop3_ham_crc/jop/vhdl/hamming/hamming/encoder/ham_enc.vhd \
      PB ieee/std_logic_1164 1163575071 PB ieee/std_logic_arith 1163575072 \
      PB ieee/STD_LOGIC_UNSIGNED 1163575073
AR work/ham_enc/Behavioral 1240841912 \
      FL C:/David/jop3_ham_crc/jop/vhdl/hamming/hamming/encoder/ham_enc.vhd \
      EN work/ham_enc 1240841911
FL C:/David/jop3_ham_crc/jop/vhdl/hamming/hamming/top/ham_top.vhd 2009/03/03.12:36:20 J.30
EN work/ham_top 1240841938 \
      FL C:/David/jop3_ham_crc/jop/vhdl/hamming/hamming/top/ham_top.vhd \
      PB ieee/std_logic_1164 1163575071 PB ieee/std_logic_arith 1163575072 \
      PB ieee/STD_LOGIC_UNSIGNED 1163575073
AR work/ham_top/Behavioral 1240841939 \
      FL C:/David/jop3_ham_crc/jop/vhdl/hamming/hamming/top/ham_top.vhd \
      EN work/ham_top 1240841938 CP ham_enc CP ham_decod CP jbc CP hnc
FL C:/David/jop3_ham_crc/jop/vhdl/jtbl.vhd 2009/04/27.11:08:58 J.30
EN work/jtbl 1240841929 FL C:/David/jop3_ham_crc/jop/vhdl/jtbl.vhd \
      PB ieee/std_logic_1164 1163575071 PB ieee/std_logic_arith 1163575072 \
      PB ieee/STD_LOGIC_UNSIGNED 1163575073
AR work/jtbl/rtl 1240841930 \
      FL C:/David/jop3_ham_crc/jop/vhdl/jtbl.vhd EN work/jtbl 1240841929
FL C:/David/jop3_ham_crc/jop/vhdl/memory/mem_sc.vhd 2009/03/03.12:36:53 J.30
EN work/mem_sc 1240841962 FL C:/David/jop3_ham_crc/jop/vhdl/memory/mem_sc.vhd \
      PB ieee/std_logic_1164 1163575071 PH ieee/NUMERIC_STD 1163575073 \
      PB ieee/STD_LOGIC_UNSIGNED 1163575073 PH work/jop_types 1240841910 \
      PH work/sc_pack 1240841935
AR work/mem_sc/rtl 1240841963 \
      FL C:/David/jop3_ham_crc/jop/vhdl/memory/mem_sc.vhd EN work/mem_sc 1240841962 \
      CP cache CP ham_top CP crc
FL C:/David/jop3_ham_crc/jop/vhdl/memory/sc_sram32.vhd 2008/08/21.12:06:24 J.30
EN work/sc_mem_if 1240841970 \
      FL C:/David/jop3_ham_crc/jop/vhdl/memory/sc_sram32.vhd \
      PB ieee/std_logic_1164 1163575071 PH ieee/NUMERIC_STD 1163575073 \
      PH work/jop_types 1240841910 PH work/sc_pack 1240841935
AR work/sc_mem_if/rtl 1240841971 \
      FL C:/David/jop3_ham_crc/jop/vhdl/memory/sc_sram32.vhd EN work/sc_mem_if 1240841970
FL C:/David/jop3_ham_crc/jop/vhdl/memory/sdpram.vhd 2008/03/03.05:45:24 J.30
EN work/sdpram 1240841964 FL C:/David/jop3_ham_crc/jop/vhdl/memory/sdpram.vhd \
      PB ieee/std_logic_1164 1163575071 PH ieee/NUMERIC_STD 1163575073
AR work/sdpram/rtl 1240841965 \
      FL C:/David/jop3_ham_crc/jop/vhdl/memory/sdpram.vhd EN work/sdpram 1240841964
FL C:/David/jop3_ham_crc/jop/vhdl/offtbl.vhd 2009/04/27.11:08:58 J.30
EN work/offtbl 1240841927 FL C:/David/jop3_ham_crc/jop/vhdl/offtbl.vhd \
      PB ieee/std_logic_1164 1163575071 PB ieee/std_logic_arith 1163575072 \
      PB ieee/STD_LOGIC_UNSIGNED 1163575073
AR work/offtbl/rtl 1240841928 \
      FL C:/David/jop3_ham_crc/jop/vhdl/offtbl.vhd EN work/offtbl 1240841927
FL C:/David/jop3_ham_crc/jop/vhdl/rom.vhd 2009/04/27.11:08:58 J.30
EN work/rom 1240841925 FL C:/David/jop3_ham_crc/jop/vhdl/rom.vhd \
      PB ieee/std_logic_1164 1163575071 PB ieee/std_logic_arith 1163575072 \
      PB ieee/STD_LOGIC_UNSIGNED 1163575073
AR work/rom/rtl 1240841926 \
      FL C:/David/jop3_ham_crc/jop/vhdl/rom.vhd EN work/rom 1240841925
FL C:/David/jop3_ham_crc/jop/vhdl/scio/fifo.vhd 2008/02/23.19:18:46 J.30
EN work/fifo_elem 1240841931 FL C:/David/jop3_ham_crc/jop/vhdl/scio/fifo.vhd \
      PB ieee/std_logic_1164 1163575071
AR work/fifo_elem/rtl 1240841932 \
      FL C:/David/jop3_ham_crc/jop/vhdl/scio/fifo.vhd EN work/fifo_elem 1240841931
EN work/fifo 1240841933 \
      FL C:/David/jop3_ham_crc/jop/vhdl/scio/fifo.vhd PB ieee/std_logic_1164 1163575071
AR work/fifo/rtl 1240841934 \
      FL C:/David/jop3_ham_crc/jop/vhdl/scio/fifo.vhd EN work/fifo 1240841933 \
      CP fifo_elem
FL C:/David/jop3_ham_crc/jop/vhdl/scio/scio_min.vhd 2008/06/20.11:43:06 J.30
EN work/scio 1240841968 FL C:/David/jop3_ham_crc/jop/vhdl/scio/scio_min.vhd \
      PB ieee/std_logic_1164 1163575071 PH ieee/NUMERIC_STD 1163575073 \
      PH work/jop_types 1240841910 PH work/sc_pack 1240841935 PB work/jop_config 1240841920
AR work/scio/rtl 1240841969 \
      FL C:/David/jop3_ham_crc/jop/vhdl/scio/scio_min.vhd EN work/scio 1240841968 \
      CP work/sc_sys CP work/sc_uart
FL C:/David/jop3_ham_crc/jop/vhdl/scio/sc_sys.vhd 2008/06/20.11:43:06 J.30
EN work/intstate 1240841952 FL C:/David/jop3_ham_crc/jop/vhdl/scio/sc_sys.vhd \
      PB ieee/std_logic_1164 1163575071 PH ieee/NUMERIC_STD 1163575073
AR work/intstate/rtl 1240841953 \
      FL C:/David/jop3_ham_crc/jop/vhdl/scio/sc_sys.vhd EN work/intstate 1240841952
EN work/sc_sys 1240841954 \
      FL C:/David/jop3_ham_crc/jop/vhdl/scio/sc_sys.vhd PB ieee/std_logic_1164 1163575071 \
      PH ieee/NUMERIC_STD 1163575073 PH work/jop_types 1240841910
AR work/sc_sys/rtl 1240841955 \
      FL C:/David/jop3_ham_crc/jop/vhdl/scio/sc_sys.vhd EN work/sc_sys 1240841954 \
      CP work/intstate
FL C:/David/jop3_ham_crc/jop/vhdl/scio/sc_uart.vhd 2008/02/23.19:18:46 J.30
EN work/sc_uart 1240841956 FL C:/David/jop3_ham_crc/jop/vhdl/scio/sc_uart.vhd \
      PB ieee/std_logic_1164 1163575071 PH ieee/NUMERIC_STD 1163575073
AR work/sc_uart/rtl 1240841957 \
      FL C:/David/jop3_ham_crc/jop/vhdl/scio/sc_uart.vhd EN work/sc_uart 1240841956 \
      CP fifo
FL C:/David/jop3_ham_crc/jop/vhdl/simpcon/sc_pack.vhd 2008/02/23.19:18:48 J.30
PH work/sc_pack 1240841935 FL C:/David/jop3_ham_crc/jop/vhdl/simpcon/sc_pack.vhd \
      PB ieee/std_logic_1164 1163575071 PH ieee/NUMERIC_STD 1163575073
FL C:/David/jop3_ham_crc/jop/vhdl/simulation/sim_hnc.vhd 2008/10/17.08:24:14 J.30
EN work/hnc 1240841917 FL C:/David/jop3_ham_crc/jop/vhdl/simulation/sim_hnc.vhd \
      PB ieee/std_logic_1164 1163575071 PH ieee/NUMERIC_STD 1163575073
AR work/hnc/sim 1240841918 \
      FL C:/David/jop3_ham_crc/jop/vhdl/simulation/sim_hnc.vhd EN work/hnc 1240841917
FL C:/David/jop3_ham_crc/jop/vhdl/top/jop_config_xs3.vhd 2008/02/23.19:18:48 J.30
PH work/jop_config 1240841919 \
      FL C:/David/jop3_ham_crc/jop/vhdl/top/jop_config_xs3.vhd \
      PB ieee/std_logic_1164 1163575071
PB work/jop_config 1240841920 \
      FL C:/David/jop3_ham_crc/jop/vhdl/top/jop_config_xs3.vhd PH work/jop_config 1240841919
FL C:/David/jop3_ham_crc/jop/vhdl/top/jop_xs3.vhd 2009/04/22.12:03:01 J.30
EN work/jop 1240841972 FL C:/David/jop3_ham_crc/jop/vhdl/top/jop_xs3.vhd \
      PB ieee/std_logic_1164 1163575071 PH ieee/NUMERIC_STD 1163575073 \
      PH work/jop_types 1240841910 PH work/sc_pack 1240841935 PB work/jop_config 1240841920
AR work/jop/rtl 1240841973 \
      FL C:/David/jop3_ham_crc/jop/vhdl/top/jop_xs3.vhd EN work/jop 1240841972 \
      CP work/jopcpu CP work/scio CP work/sc_mem_if
FL C:/David/jop3_ham_crc/jop/vhdl/xilinx/xram.vhd 2008/02/24.12:05:48 J.30
EN work/ram 1240841923 FL C:/David/jop3_ham_crc/jop/vhdl/xilinx/xram.vhd \
      PB ieee/std_logic_1164 1163575071 PB ieee/std_logic_arith 1163575072 \
      PB ieee/STD_LOGIC_UNSIGNED 1163575073 LB unisim PH unisim/VCOMPONENTS 1163575076
AR work/ram/rtl 1240841924 \
      FL C:/David/jop3_ham_crc/jop/vhdl/xilinx/xram.vhd EN work/ram 1240841923 \
      CP xram_block
FL C:/David/jop3_ham_crc/jop/vhdl/xilinx/xs3_jbc.vhd 2008/02/23.19:18:50 J.30
EN work/jbc 1240841915 FL C:/David/jop3_ham_crc/jop/vhdl/xilinx/xs3_jbc.vhd \
      PB ieee/std_logic_1164 1163575071
AR work/jbc/rtl 1240841916 \
      FL C:/David/jop3_ham_crc/jop/vhdl/xilinx/xs3_jbc.vhd EN work/jbc 1240841915 \
      CP RAMB16_S9_S36
FL C:/David/jop3_ham_crc/jop/vhdl/xram_block.vhd 2009/04/27.11:08:58 J.30
EN work/xram_block 1240841908 FL C:/David/jop3_ham_crc/jop/vhdl/xram_block.vhd \
      PB ieee/std_logic_1164 1163575071 PB ieee/std_logic_arith 1163575072 \
      PB ieee/STD_LOGIC_UNSIGNED 1163575073 LB unisim PH unisim/VCOMPONENTS 1163575076
AR work/xram_block/rtl 1240841909 \
      FL C:/David/jop3_ham_crc/jop/vhdl/xram_block.vhd EN work/xram_block 1240841908 \
      CP RAMB4_S16_S16
FL C:/David/jop3_v2/jop/vhdl/core/bcfetch.vhd 2008/06/25.11:12:10 J.30
FL C:/David/jop3_v2/jop/vhdl/core/cache.vhd 2008/11/09.13:59:46 J.30
FL C:/David/jop3_v2/jop/vhdl/core/core.vhd 2008/06/25.11:12:10 J.30
FL C:/David/jop3_v2/jop/vhdl/core/decode.vhd 2008/04/30.13:00:38 J.30
FL C:/David/jop3_v2/jop/vhdl/core/extension.vhd 2008/04/30.13:00:38 J.30
FL C:/David/jop3_v2/jop/vhdl/core/fetch.vhd 2008/02/23.19:18:44 J.30
FL C:/David/jop3_v2/jop/vhdl/core/jopcpu.vhd 2009/02/16.16:04:17 J.30
FL C:/David/jop3_v2/jop/vhdl/core/jop_types.vhd 2008/06/13.08:10:06 J.30
FL C:/David/jop3_v2/jop/vhdl/core/mul.vhd 2008/02/26.03:20:18 J.30
FL C:/David/jop3_v2/jop/vhdl/core/shift.vhd 2008/02/23.19:18:44 J.30
FL C:/David/jop3_v2/jop/vhdl/core/stack.vhd 2008/07/21.11:12:18 J.30
FL C:/David/jop3_v2/jop/vhdl/crc/crc.vhd 2009/02/16.16:13:04 J.30
FL C:/David/jop3_v2/jop/vhdl/hamming/hamming/decoder/ham_decod.vhd 2009/03/02.17:47:17 J.30
FL C:/David/jop3_v2/jop/vhdl/hamming/hamming/encoder/ham_enc.vhd 2008/11/04.13:55:42 J.30
FL C:/David/jop3_v2/jop/vhdl/hamming/hamming/top/ham_top.vhd 2009/03/03.12:36:20 J.30
FL C:/David/jop3_v2/jop/vhdl/jtbl.vhd 2009/03/03.12:34:40 J.30
FL C:/David/jop3_v2/jop/vhdl/memory/mem_sc.vhd 2009/03/03.12:36:53 J.30
FL C:/David/jop3_v2/jop/vhdl/memory/sc_sram32.vhd 2008/08/21.12:06:24 J.30
FL C:/David/jop3_v2/jop/vhdl/memory/sdpram.vhd 2008/03/03.05:45:24 J.30
FL C:/David/jop3_v2/jop/vhdl/offtbl.vhd 2009/03/03.12:34:41 J.30
FL C:/David/jop3_v2/jop/vhdl/rom.vhd 2009/03/03.12:34:40 J.30
FL C:/David/jop3_v2/jop/vhdl/scio/fifo.vhd 2008/02/23.19:18:46 J.30
FL C:/David/jop3_v2/jop/vhdl/scio/scio_min.vhd 2009/03/13.16:37:50 J.30
FL C:/David/jop3_v2/jop/vhdl/scio/sc_ioparallel.vhd 2009/03/13.16:31:11 J.30
FL C:/David/jop3_v2/jop/vhdl/scio/sc_sys.vhd 2008/06/20.11:43:06 J.30
FL C:/David/jop3_v2/jop/vhdl/scio/sc_uart.vhd 2008/02/23.19:18:46 J.30
FL C:/David/jop3_v2/jop/vhdl/simpcon/sc_pack.vhd 2008/02/23.19:18:48 J.30
FL C:/David/jop3_v2/jop/vhdl/simulation/sim_hnc.vhd 2008/10/17.08:24:14 J.30
FL C:/David/jop3_v2/jop/vhdl/top/jop_config_xs3.vhd 2008/02/23.19:18:48 J.30
FL C:/David/jop3_v2/jop/vhdl/top/jop_xs3.vhd 2008/03/04.15:32:58 J.30
FL C:/David/jop3_v2/jop/vhdl/xilinx/xram.vhd 2008/02/24.12:05:48 J.30
FL C:/David/jop3_v2/jop/vhdl/xilinx/xs3_jbc.vhd 2008/02/23.19:18:50 J.30
FL C:/David/jop3_v2/jop/vhdl/xram_block.vhd 2009/03/03.12:34:41 J.30
FL C:/David/jop3_v21/jop/vhdl/core/bcfetch.vhd 2008/06/25.11:12:10 J.30
FL C:/David/jop3_v21/jop/vhdl/core/cache.vhd 2008/11/09.13:59:46 J.30
FL C:/David/jop3_v21/jop/vhdl/core/core.vhd 2008/06/25.11:12:10 J.30
FL C:/David/jop3_v21/jop/vhdl/core/decode.vhd 2008/04/30.13:00:38 J.30
FL C:/David/jop3_v21/jop/vhdl/core/extension.vhd 2008/04/30.13:00:38 J.30
FL C:/David/jop3_v21/jop/vhdl/core/fetch.vhd 2008/02/23.19:18:44 J.30
FL C:/David/jop3_v21/jop/vhdl/core/jopcpu.vhd 2009/02/16.16:04:17 J.30
FL C:/David/jop3_v21/jop/vhdl/core/jop_types.vhd 2008/06/13.08:10:06 J.30
FL C:/David/jop3_v21/jop/vhdl/core/mul.vhd 2008/02/26.03:20:18 J.30
FL C:/David/jop3_v21/jop/vhdl/core/shift.vhd 2008/02/23.19:18:44 J.30
FL C:/David/jop3_v21/jop/vhdl/core/stack.vhd 2008/07/21.11:12:18 J.30
FL C:/David/jop3_v21/jop/vhdl/crc/crc.vhd 2009/04/23.09:06:50 J.30
FL C:/David/jop3_v21/jop/vhdl/hamming/hamming/decoder/ham_decod.vhd 2009/04/23.09:10:19 J.30
FL C:/David/jop3_v21/jop/vhdl/hamming/hamming/encoder/ham_enc.vhd 2009/04/23.09:08:52 J.30
FL C:/David/jop3_v21/jop/vhdl/hamming/hamming/top/ham_top.vhd 2009/03/03.12:36:20 J.30
FL C:/David/jop3_v21/jop/vhdl/jtbl.vhd 2009/04/22.11:51:12 J.30
FL C:/David/jop3_v21/jop/vhdl/memory/mem_sc.vhd 2009/03/03.12:36:53 J.30
FL C:/David/jop3_v21/jop/vhdl/memory/sc_sram32.vhd 2008/08/21.12:06:24 J.30
FL C:/David/jop3_v21/jop/vhdl/memory/sdpram.vhd 2008/03/03.05:45:24 J.30
FL C:/David/jop3_v21/jop/vhdl/offtbl.vhd 2009/04/22.11:51:12 J.30
FL C:/David/jop3_v21/jop/vhdl/rom.vhd 2009/04/22.11:51:12 J.30
FL C:/David/jop3_v21/jop/vhdl/scio/fifo.vhd 2008/02/23.19:18:46 J.30
FL C:/David/jop3_v21/jop/vhdl/scio/scio_min.vhd 2008/06/20.11:43:06 J.30
FL C:/David/jop3_v21/jop/vhdl/scio/sc_ioparallel.vhd 2009/03/13.16:31:11 J.30
EN work/sc_ioparallel 1237834130 \
      FL C:/David/jop3_v21/jop/vhdl/scio/sc_ioparallel.vhd PB ieee/std_logic_1164 1163575071 \
      PH ieee/NUMERIC_STD 1163575073
AR work/sc_ioparallel/rtl 1237834131 \
      FL C:/David/jop3_v21/jop/vhdl/scio/sc_ioparallel.vhd EN work/sc_ioparallel 1237834130
FL C:/David/jop3_v21/jop/vhdl/scio/sc_sys.vhd 2008/06/20.11:43:06 J.30
FL C:/David/jop3_v21/jop/vhdl/scio/sc_uart.vhd 2008/02/23.19:18:46 J.30
FL C:/David/jop3_v21/jop/vhdl/simpcon/sc_pack.vhd 2008/02/23.19:18:48 J.30
FL C:/David/jop3_v21/jop/vhdl/simulation/sim_hnc.vhd 2008/10/17.08:24:14 J.30
FL C:/David/jop3_v21/jop/vhdl/top/jop_config_xs3.vhd 2008/02/23.19:18:48 J.30
FL C:/David/jop3_v21/jop/vhdl/top/jop_xs3.vhd 2009/04/22.12:03:01 J.30
FL C:/David/jop3_v21/jop/vhdl/xilinx/xram.vhd 2008/02/24.12:05:48 J.30
FL C:/David/jop3_v21/jop/vhdl/xilinx/xs3_jbc.vhd 2008/02/23.19:18:50 J.30
FL C:/David/jop3_v21/jop/vhdl/xram_block.vhd 2009/04/22.11:51:12 J.30
