AR mem_sc rtl C:/David/jop3_ham_crc/jop/vhdl/memory/mem_sc.vhd sub00/vhpl55 1240492967
AR intstate rtl C:/David/jop3_ham_crc/jop/vhdl/scio/sc_sys.vhd sub00/vhpl45 1240492957
AR sc_sys rtl C:/David/jop3_ham_crc/jop/vhdl/scio/sc_sys.vhd sub00/vhpl47 1240492959
AR sc_mem_if rtl C:/David/jop3_ham_crc/jop/vhdl/memory/sc_sram32.vhd sub00/vhpl63 1240492975
AR fifo_elem rtl C:/David/jop3_ham_crc/jop/vhdl/scio/fifo.vhd sub00/vhpl24 1240492936
AR offtbl rtl C:/David/jop3_ham_crc/jop/vhdl/offtbl.vhd sub00/vhpl20 1240492932
AR jtbl rtl C:/David/jop3_ham_crc/jop/vhdl/jtbl.vhd sub00/vhpl22 1240492934
PH sc_pack NULL C:/David/jop3_ham_crc/jop/vhdl/simpcon/sc_pack.vhd sub00/vhpl27 1240492939
AR jopcpu rtl C:/David/jop3_ham_crc/jop/vhdl/core/jopcpu.vhd sub00/vhpl59 1240492971
AR core rtl C:/David/jop3_ham_crc/jop/vhdl/core/core.vhd sub00/vhpl51 1240492963
AR crc behavior C:/David/jop3_ham_crc/jop/vhdl/crc/crc.vhd sub00/vhpl33 1240492945
AR ram rtl C:/David/jop3_ham_crc/jop/vhdl/xilinx/xram.vhd sub00/vhpl16 1240492928
EN jop NULL C:/David/jop3_ham_crc/jop/vhdl/top/jop_ml401.vhd sub00/vhpl64 1240492976
EN rom NULL C:/David/jop3_ham_crc/jop/vhdl/rom.vhd sub00/vhpl17 1240492929
EN stack NULL C:/David/jop3_ham_crc/jop/vhdl/core/stack.vhd sub00/vhpl40 1240492952
EN ham_enc NULL C:/David/jop3_ham_crc/jop/vhdl/hamming/hamming/encoder/ham_enc.vhd sub00/vhpl03 1240492915
AR xram_block rtl C:/David/jop3_ham_crc/jop/vhdl/xv4ram_block.vhd sub00/vhpl01 1240492913
EN sdpram NULL C:/David/jop3_ham_crc/jop/vhdl/memory/sdpram.vhd sub00/vhpl56 1240492968
EN ham_top NULL C:/David/jop3_ham_crc/jop/vhdl/hamming/hamming/top/ham_top.vhd sub00/vhpl30 1240492942
EN ham_decod NULL C:/David/jop3_ham_crc/jop/vhdl/hamming/hamming/decoder/ham_decod.vhd sub00/vhpl05 1240492917
EN crc NULL C:/David/jop3_ham_crc/jop/vhdl/crc/crc.vhd sub00/vhpl32 1240492944
AR jbc rtl C:/David/jop3_ham_crc/jop/vhdl/xilinx/xs3_jbc.vhd sub00/vhpl08 1240492920
EN mem_sc NULL C:/David/jop3_ham_crc/jop/vhdl/memory/mem_sc.vhd sub00/vhpl54 1240492966
AR shift rtl C:/David/jop3_ham_crc/jop/vhdl/core/shift.vhd sub00/vhpl14 1240492926
PH jop_types NULL C:/David/jop3_ham_crc/jop/vhdl/core/jop_types.vhd sub00/vhpl02 1240492914
EN cache NULL C:/David/jop3_ham_crc/jop/vhdl/core/cache.vhd sub00/vhpl28 1240492940
AR sdpram rtl C:/David/jop3_ham_crc/jop/vhdl/memory/sdpram.vhd sub00/vhpl57 1240492969
EN sc_mem_if NULL C:/David/jop3_ham_crc/jop/vhdl/memory/sc_sram32.vhd sub00/vhpl62 1240492974
EN xram_block NULL C:/David/jop3_ham_crc/jop/vhdl/xv4ram_block.vhd sub00/vhpl00 1240492912
AR cache rtl C:/David/jop3_ham_crc/jop/vhdl/core/cache.vhd sub00/vhpl29 1240492941
AR ham_enc behavioral C:/David/jop3_ham_crc/jop/vhdl/hamming/hamming/encoder/ham_enc.vhd sub00/vhpl04 1240492916
AR hnc sim C:/David/jop3_ham_crc/jop/vhdl/hamming/hamming/memoriaRB_S4_s18/sim_hnc.vhd sub00/vhpl10 1240492922
EN intstate NULL C:/David/jop3_ham_crc/jop/vhdl/scio/sc_sys.vhd sub00/vhpl44 1240492956
AR ham_top behavioral C:/David/jop3_ham_crc/jop/vhdl/hamming/hamming/top/ham_top.vhd sub00/vhpl31 1240492943
AR stack rtl C:/David/jop3_ham_crc/jop/vhdl/core/stack.vhd sub00/vhpl41 1240492953
EN scio NULL C:/David/jop3_ham_crc/jop/vhdl/scio/scio_min.vhd sub00/vhpl60 1240492972
EN shift NULL C:/David/jop3_ham_crc/jop/vhdl/core/shift.vhd sub00/vhpl13 1240492925
EN jopcpu NULL C:/David/jop3_ham_crc/jop/vhdl/core/jopcpu.vhd sub00/vhpl58 1240492970
AR fetch rtl C:/David/jop3_ham_crc/jop/vhdl/core/fetch.vhd sub00/vhpl39 1240492951
AR decode rtl C:/David/jop3_ham_crc/jop/vhdl/core/decode.vhd sub00/vhpl43 1240492955
AR extension rtl C:/David/jop3_ham_crc/jop/vhdl/core/extension.vhd sub00/vhpl53 1240492965
EN mul NULL C:/David/jop3_ham_crc/jop/vhdl/core/mul.vhd sub00/vhpl34 1240492946
PH jop_config NULL C:/David/jop3_ham_crc/jop/vhdl/top/jop_config_ml401.vhd sub00/vhpl11 1240492923
EN sc_uart NULL C:/David/jop3_ham_crc/jop/vhdl/scio/sc_uart.vhd sub00/vhpl48 1240492960
EN extension NULL C:/David/jop3_ham_crc/jop/vhdl/core/extension.vhd sub00/vhpl52 1240492964
EN bcfetch NULL C:/David/jop3_ham_crc/jop/vhdl/core/bcfetch.vhd sub00/vhpl36 1240492948
EN offtbl NULL C:/David/jop3_ham_crc/jop/vhdl/offtbl.vhd sub00/vhpl19 1240492931
EN jtbl NULL C:/David/jop3_ham_crc/jop/vhdl/jtbl.vhd sub00/vhpl21 1240492933
EN jbc NULL C:/David/jop3_ham_crc/jop/vhdl/xilinx/xs3_jbc.vhd sub00/vhpl07 1240492919
EN sc_sys NULL C:/David/jop3_ham_crc/jop/vhdl/scio/sc_sys.vhd sub00/vhpl46 1240492958
EN fifo_elem NULL C:/David/jop3_ham_crc/jop/vhdl/scio/fifo.vhd sub00/vhpl23 1240492935
EN hnc NULL C:/David/jop3_ham_crc/jop/vhdl/hamming/hamming/memoriaRB_S4_s18/sim_hnc.vhd sub00/vhpl09 1240492921
AR bcfetch rtl C:/David/jop3_ham_crc/jop/vhdl/core/bcfetch.vhd sub00/vhpl37 1240492949
EN ram NULL C:/David/jop3_ham_crc/jop/vhdl/xilinx/xram.vhd sub00/vhpl15 1240492927
AR fifo rtl C:/David/jop3_ham_crc/jop/vhdl/scio/fifo.vhd sub00/vhpl26 1240492938
EN fetch NULL C:/David/jop3_ham_crc/jop/vhdl/core/fetch.vhd sub00/vhpl38 1240492950
EN decode NULL C:/David/jop3_ham_crc/jop/vhdl/core/decode.vhd sub00/vhpl42 1240492954
AR rom rtl C:/David/jop3_ham_crc/jop/vhdl/rom.vhd sub00/vhpl18 1240492930
EN fifo NULL C:/David/jop3_ham_crc/jop/vhdl/scio/fifo.vhd sub00/vhpl25 1240492937
AR sc_uart rtl C:/David/jop3_ham_crc/jop/vhdl/scio/sc_uart.vhd sub00/vhpl49 1240492961
AR jop rtl C:/David/jop3_ham_crc/jop/vhdl/top/jop_ml401.vhd sub00/vhpl65 1240492977
AR ham_decod behavior C:/David/jop3_ham_crc/jop/vhdl/hamming/hamming/decoder/ham_decod.vhd sub00/vhpl06 1240492918
EN core NULL C:/David/jop3_ham_crc/jop/vhdl/core/core.vhd sub00/vhpl50 1240492962
AR scio rtl C:/David/jop3_ham_crc/jop/vhdl/scio/scio_min.vhd sub00/vhpl61 1240492973
PB jop_config jop_config C:/David/jop3_ham_crc/jop/vhdl/top/jop_config_ml401.vhd sub00/vhpl12 1240492924
AR mul rtl C:/David/jop3_ham_crc/jop/vhdl/core/mul.vhd sub00/vhpl35 1240492947
