AR mem_sc rtl C:/David/jop3_ham_crc/jop/vhdl/memory/mem_sc_ham.vhd sub00/vhpl55 1240495229
AR intstate rtl C:/David/jop3_ham_crc/jop/vhdl/scio/sc_sys.vhd sub00/vhpl45 1240495219
AR sc_sys rtl C:/David/jop3_ham_crc/jop/vhdl/scio/sc_sys.vhd sub00/vhpl47 1240495221
AR sc_mem_if rtl C:/David/jop3_ham_crc/jop/vhdl/memory/sc_sram32.vhd sub00/vhpl63 1240495237
AR fifo_elem rtl C:/David/jop3_ham_crc/jop/vhdl/scio/fifo.vhd sub00/vhpl24 1240495200
AR offtbl rtl C:/David/jop3_ham_crc/jop/vhdl/offtbl.vhd sub00/vhpl20 1240495196
AR jtbl rtl C:/David/jop3_ham_crc/jop/vhdl/jtbl.vhd sub00/vhpl22 1240495198
PH sc_pack NULL C:/David/jop3_ham_crc/jop/vhdl/simpcon/sc_pack.vhd sub00/vhpl27 1240495203
AR jopcpu rtl C:/David/jop3_ham_crc/jop/vhdl/core/jopcpu.vhd sub00/vhpl59 1240495233
AR core rtl C:/David/jop3_ham_crc/jop/vhdl/core/core.vhd sub00/vhpl51 1240495225
AR crc behavior C:/David/jop3_ham_crc/jop/vhdl/crc/crc.vhd sub00/vhpl33 1240494464
AR ram rtl C:/David/jop3_ham_crc/jop/vhdl/xilinx/xram.vhd sub00/vhpl16 1240495192
EN jop NULL C:/David/jop3_ham_crc/jop/vhdl/top/jop_ml401.vhd sub00/vhpl64 1240495238
EN rom NULL C:/David/jop3_ham_crc/jop/vhdl/rom.vhd sub00/vhpl17 1240495193
EN stack NULL C:/David/jop3_ham_crc/jop/vhdl/core/stack.vhd sub00/vhpl40 1240495214
EN ham_enc NULL C:/David/jop3_ham_crc/jop/vhdl/hamming/hamming/encoder/ham_enc.vhd sub00/vhpl03 1240495178
AR xram_block rtl C:/David/jop3_ham_crc/jop/vhdl/xv4ram_block.vhd sub00/vhpl01 1240495177
EN sdpram NULL C:/David/jop3_ham_crc/jop/vhdl/memory/sdpram.vhd sub00/vhpl56 1240495230
EN ham_top NULL C:/David/jop3_ham_crc/jop/vhdl/hamming/hamming/top/ham_top.vhd sub00/vhpl30 1240495206
EN ham_decod NULL C:/David/jop3_ham_crc/jop/vhdl/hamming/hamming/decoder/ham_decod.vhd sub00/vhpl05 1240495180
EN crc NULL C:/David/jop3_ham_crc/jop/vhdl/crc/crc.vhd sub00/vhpl32 1240494463
AR jbc rtl C:/David/jop3_ham_crc/jop/vhdl/xilinx/xs3_jbc.vhd sub00/vhpl08 1240495183
EN mem_sc NULL C:/David/jop3_ham_crc/jop/vhdl/memory/mem_sc_ham.vhd sub00/vhpl54 1240495228
AR shift rtl C:/David/jop3_ham_crc/jop/vhdl/core/shift.vhd sub00/vhpl14 1240495190
PH jop_types NULL C:/David/jop3_ham_crc/jop/vhdl/core/jop_types.vhd sub00/vhpl02 1240495186
EN cache NULL C:/David/jop3_ham_crc/jop/vhdl/core/cache.vhd sub00/vhpl28 1240495204
AR sdpram rtl C:/David/jop3_ham_crc/jop/vhdl/memory/sdpram.vhd sub00/vhpl57 1240495231
EN sc_mem_if NULL C:/David/jop3_ham_crc/jop/vhdl/memory/sc_sram32.vhd sub00/vhpl62 1240495236
EN xram_block NULL C:/David/jop3_ham_crc/jop/vhdl/xv4ram_block.vhd sub00/vhpl00 1240495176
AR cache rtl C:/David/jop3_ham_crc/jop/vhdl/core/cache.vhd sub00/vhpl29 1240495205
AR ham_enc behavioral C:/David/jop3_ham_crc/jop/vhdl/hamming/hamming/encoder/ham_enc.vhd sub00/vhpl04 1240495179
AR hnc sim C:/David/jop3_ham_crc/jop/vhdl/hamming/hamming/memoriaRB_S4_s18/sim_hnc.vhd sub00/vhpl10 1240495185
EN intstate NULL C:/David/jop3_ham_crc/jop/vhdl/scio/sc_sys.vhd sub00/vhpl44 1240495218
AR ham_top behavioral C:/David/jop3_ham_crc/jop/vhdl/hamming/hamming/top/ham_top.vhd sub00/vhpl31 1240495207
AR stack rtl C:/David/jop3_ham_crc/jop/vhdl/core/stack.vhd sub00/vhpl41 1240495215
EN scio NULL C:/David/jop3_ham_crc/jop/vhdl/scio/scio_min.vhd sub00/vhpl60 1240495234
EN shift NULL C:/David/jop3_ham_crc/jop/vhdl/core/shift.vhd sub00/vhpl13 1240495189
EN jopcpu NULL C:/David/jop3_ham_crc/jop/vhdl/core/jopcpu.vhd sub00/vhpl58 1240495232
AR fetch rtl C:/David/jop3_ham_crc/jop/vhdl/core/fetch.vhd sub00/vhpl39 1240495213
AR decode rtl C:/David/jop3_ham_crc/jop/vhdl/core/decode.vhd sub00/vhpl43 1240495217
AR extension rtl C:/David/jop3_ham_crc/jop/vhdl/core/extension.vhd sub00/vhpl53 1240495227
EN mul NULL C:/David/jop3_ham_crc/jop/vhdl/core/mul.vhd sub00/vhpl34 1240495208
PH jop_config NULL C:/David/jop3_ham_crc/jop/vhdl/top/jop_config_ml401.vhd sub00/vhpl11 1240495187
EN sc_uart NULL C:/David/jop3_ham_crc/jop/vhdl/scio/sc_uart.vhd sub00/vhpl48 1240495222
EN extension NULL C:/David/jop3_ham_crc/jop/vhdl/core/extension.vhd sub00/vhpl52 1240495226
EN bcfetch NULL C:/David/jop3_ham_crc/jop/vhdl/core/bcfetch.vhd sub00/vhpl36 1240495210
EN offtbl NULL C:/David/jop3_ham_crc/jop/vhdl/offtbl.vhd sub00/vhpl19 1240495195
EN jtbl NULL C:/David/jop3_ham_crc/jop/vhdl/jtbl.vhd sub00/vhpl21 1240495197
EN jbc NULL C:/David/jop3_ham_crc/jop/vhdl/xilinx/xs3_jbc.vhd sub00/vhpl07 1240495182
EN sc_sys NULL C:/David/jop3_ham_crc/jop/vhdl/scio/sc_sys.vhd sub00/vhpl46 1240495220
EN fifo_elem NULL C:/David/jop3_ham_crc/jop/vhdl/scio/fifo.vhd sub00/vhpl23 1240495199
EN hnc NULL C:/David/jop3_ham_crc/jop/vhdl/hamming/hamming/memoriaRB_S4_s18/sim_hnc.vhd sub00/vhpl09 1240495184
AR bcfetch rtl C:/David/jop3_ham_crc/jop/vhdl/core/bcfetch.vhd sub00/vhpl37 1240495211
EN ram NULL C:/David/jop3_ham_crc/jop/vhdl/xilinx/xram.vhd sub00/vhpl15 1240495191
AR fifo rtl C:/David/jop3_ham_crc/jop/vhdl/scio/fifo.vhd sub00/vhpl26 1240495202
EN fetch NULL C:/David/jop3_ham_crc/jop/vhdl/core/fetch.vhd sub00/vhpl38 1240495212
EN decode NULL C:/David/jop3_ham_crc/jop/vhdl/core/decode.vhd sub00/vhpl42 1240495216
AR rom rtl C:/David/jop3_ham_crc/jop/vhdl/rom.vhd sub00/vhpl18 1240495194
EN fifo NULL C:/David/jop3_ham_crc/jop/vhdl/scio/fifo.vhd sub00/vhpl25 1240495201
AR sc_uart rtl C:/David/jop3_ham_crc/jop/vhdl/scio/sc_uart.vhd sub00/vhpl49 1240495223
AR jop rtl C:/David/jop3_ham_crc/jop/vhdl/top/jop_ml401.vhd sub00/vhpl65 1240495239
AR ham_decod behavior C:/David/jop3_ham_crc/jop/vhdl/hamming/hamming/decoder/ham_decod.vhd sub00/vhpl06 1240495181
EN core NULL C:/David/jop3_ham_crc/jop/vhdl/core/core.vhd sub00/vhpl50 1240495224
AR scio rtl C:/David/jop3_ham_crc/jop/vhdl/scio/scio_min.vhd sub00/vhpl61 1240495235
PB jop_config jop_config C:/David/jop3_ham_crc/jop/vhdl/top/jop_config_ml401.vhd sub00/vhpl12 1240495188
AR mul rtl C:/David/jop3_ham_crc/jop/vhdl/core/mul.vhd sub00/vhpl35 1240495209
