V3 131
FL C:/David/jop3_ham_crc/jop/vhdl/core/bcfetch.vhd 2008/06/25.11:12:10 J.30
EN work/bcfetch 1240495210 FL C:/David/jop3_ham_crc/jop/vhdl/core/bcfetch.vhd \
      PB ieee/std_logic_1164 1163575071 PH ieee/NUMERIC_STD 1163575073 \
      PH work/jop_types 1240495186
AR work/bcfetch/rtl 1240495211 \
      FL C:/David/jop3_ham_crc/jop/vhdl/core/bcfetch.vhd EN work/bcfetch 1240495210 \
      CP jtbl
FL C:/David/jop3_ham_crc/jop/vhdl/core/cache.vhd 2008/11/09.13:59:46 J.30
EN work/cache 1240495204 FL C:/David/jop3_ham_crc/jop/vhdl/core/cache.vhd \
      PB ieee/std_logic_1164 1163575071 PH ieee/NUMERIC_STD 1163575073 \
      PH work/jop_types 1240495186
AR work/cache/rtl 1240495205 \
      FL C:/David/jop3_ham_crc/jop/vhdl/core/cache.vhd EN work/cache 1240495204
FL C:/David/jop3_ham_crc/jop/vhdl/core/core.vhd 2008/06/25.11:12:10 J.30
EN work/core 1240495224 FL C:/David/jop3_ham_crc/jop/vhdl/core/core.vhd \
      PB ieee/std_logic_1164 1163575071 PH ieee/NUMERIC_STD 1163575073 \
      PH work/jop_types 1240495186 PB work/jop_config 1240495188
AR work/core/rtl 1240495225 \
      FL C:/David/jop3_ham_crc/jop/vhdl/core/core.vhd EN work/core 1240495224 \
      CP bcfetch CP fetch CP stack CP decode
FL C:/David/jop3_ham_crc/jop/vhdl/core/decode.vhd 2008/04/30.13:00:38 J.30
EN work/decode 1240495216 FL C:/David/jop3_ham_crc/jop/vhdl/core/decode.vhd \
      PB ieee/std_logic_1164 1163575071 PH ieee/NUMERIC_STD 1163575073 \
      PB work/jop_config 1240495188 PH work/jop_types 1240495186
AR work/decode/rtl 1240495217 \
      FL C:/David/jop3_ham_crc/jop/vhdl/core/decode.vhd EN work/decode 1240495216
FL C:/David/jop3_ham_crc/jop/vhdl/core/extension.vhd 2008/04/30.13:00:38 J.30
EN work/extension 1240495226 FL C:/David/jop3_ham_crc/jop/vhdl/core/extension.vhd \
      PB ieee/std_logic_1164 1163575071 PH ieee/NUMERIC_STD 1163575073 \
      PH work/jop_types 1240495186
AR work/extension/rtl 1240495227 \
      FL C:/David/jop3_ham_crc/jop/vhdl/core/extension.vhd EN work/extension 1240495226 \
      CP mul
FL C:/David/jop3_ham_crc/jop/vhdl/core/fetch.vhd 2008/02/23.19:18:44 J.30
EN work/fetch 1240495212 FL C:/David/jop3_ham_crc/jop/vhdl/core/fetch.vhd \
      PB ieee/std_logic_1164 1163575071 PH ieee/NUMERIC_STD 1163575073
AR work/fetch/rtl 1240495213 \
      FL C:/David/jop3_ham_crc/jop/vhdl/core/fetch.vhd EN work/fetch 1240495212 \
      CP rom CP offtbl
FL C:/David/jop3_ham_crc/jop/vhdl/core/jopcpu.vhd 2009/04/23.10:59:18 J.30
EN work/jopcpu 1240495232 FL C:/David/jop3_ham_crc/jop/vhdl/core/jopcpu.vhd \
      PB ieee/std_logic_1164 1163575071 PH ieee/NUMERIC_STD 1163575073 \
      PH work/jop_types 1240495186 PH work/sc_pack 1240495203
AR work/jopcpu/rtl 1240495233 \
      FL C:/David/jop3_ham_crc/jop/vhdl/core/jopcpu.vhd EN work/jopcpu 1240495232 \
      CP work/core CP work/extension CP work/mem_sc CP work/sdpram
FL C:/David/jop3_ham_crc/jop/vhdl/core/jop_types.vhd 2008/06/13.08:10:06 J.30
PH work/jop_types 1240495186 FL C:/David/jop3_ham_crc/jop/vhdl/core/jop_types.vhd \
      PB ieee/std_logic_1164 1163575071
FL C:/David/jop3_ham_crc/jop/vhdl/core/mul.vhd 2008/02/26.03:20:18 J.30
EN work/mul 1240495208 FL C:/David/jop3_ham_crc/jop/vhdl/core/mul.vhd \
      PB ieee/std_logic_1164 1163575071 PH ieee/NUMERIC_STD 1163575073 \
      PB ieee/STD_LOGIC_UNSIGNED 1163575073
AR work/mul/rtl 1240495209 \
      FL C:/David/jop3_ham_crc/jop/vhdl/core/mul.vhd EN work/mul 1240495208
FL C:/David/jop3_ham_crc/jop/vhdl/core/shift.vhd 2008/02/23.19:18:44 J.30
EN work/shift 1240495189 FL C:/David/jop3_ham_crc/jop/vhdl/core/shift.vhd \
      PB ieee/std_logic_1164 1163575071 PH ieee/NUMERIC_STD 1163575073
AR work/shift/rtl 1240495190 \
      FL C:/David/jop3_ham_crc/jop/vhdl/core/shift.vhd EN work/shift 1240495189
FL C:/David/jop3_ham_crc/jop/vhdl/core/stack.vhd 2008/07/21.11:12:18 J.30
EN work/stack 1240495214 FL C:/David/jop3_ham_crc/jop/vhdl/core/stack.vhd \
      PB ieee/std_logic_1164 1163575071 PH ieee/NUMERIC_STD 1163575073 \
      PB work/jop_config 1240495188
AR work/stack/rtl 1240495215 \
      FL C:/David/jop3_ham_crc/jop/vhdl/core/stack.vhd EN work/stack 1240495214 \
      CP shift CP ram
FL C:/David/jop3_ham_crc/jop/vhdl/crc/crc.vhd 2009/04/23.09:06:50 J.30
EN work/crc 1240494463 FL C:/David/jop3_ham_crc/jop/vhdl/crc/crc.vhd \
      PB ieee/std_logic_1164 1163575071 PH ieee/NUMERIC_STD 1163575073 \
      PH work/jop_types 1240495186
AR work/crc/behavior 1240494464 \
      FL C:/David/jop3_ham_crc/jop/vhdl/crc/crc.vhd EN work/crc 1240494463
FL C:/David/jop3_ham_crc/jop/vhdl/hamming/hamming/decoder/ham_decod.vhd 2009/04/23.09:10:19 J.30
EN work/ham_decod 1240495180 \
      FL C:/David/jop3_ham_crc/jop/vhdl/hamming/hamming/decoder/ham_decod.vhd \
      PB ieee/std_logic_1164 1163575071 PB ieee/MATH_REAL 1163575074 \
      PH ieee/NUMERIC_STD 1163575073
AR work/ham_decod/behavior 1240495181 \
      FL C:/David/jop3_ham_crc/jop/vhdl/hamming/hamming/decoder/ham_decod.vhd \
      EN work/ham_decod 1240495180
FL C:/David/jop3_ham_crc/jop/vhdl/hamming/hamming/encoder/ham_enc.vhd 2009/04/23.09:08:52 J.30
EN work/ham_enc 1240495178 \
      FL C:/David/jop3_ham_crc/jop/vhdl/hamming/hamming/encoder/ham_enc.vhd \
      PB ieee/std_logic_1164 1163575071 PB ieee/std_logic_arith 1163575072 \
      PB ieee/STD_LOGIC_UNSIGNED 1163575073
AR work/ham_enc/Behavioral 1240495179 \
      FL C:/David/jop3_ham_crc/jop/vhdl/hamming/hamming/encoder/ham_enc.vhd \
      EN work/ham_enc 1240495178
FL C:/David/jop3_ham_crc/jop/vhdl/hamming/hamming/memoriaRB_S4_s18/sim_hnc.vhd 2008/10/17.08:24:14 J.30
EN work/hnc 1240495184 \
      FL C:/David/jop3_ham_crc/jop/vhdl/hamming/hamming/memoriaRB_S4_s18/sim_hnc.vhd \
      PB ieee/std_logic_1164 1163575071 PH ieee/NUMERIC_STD 1163575073
AR work/hnc/sim 1240495185 \
      FL C:/David/jop3_ham_crc/jop/vhdl/hamming/hamming/memoriaRB_S4_s18/sim_hnc.vhd \
      EN work/hnc 1240495184
FL C:/David/jop3_ham_crc/jop/vhdl/hamming/hamming/top/ham_top.vhd 2009/03/03.12:36:20 J.30
EN work/ham_top 1240495206 \
      FL C:/David/jop3_ham_crc/jop/vhdl/hamming/hamming/top/ham_top.vhd \
      PB ieee/std_logic_1164 1163575071 PB ieee/std_logic_arith 1163575072 \
      PB ieee/STD_LOGIC_UNSIGNED 1163575073
AR work/ham_top/Behavioral 1240495207 \
      FL C:/David/jop3_ham_crc/jop/vhdl/hamming/hamming/top/ham_top.vhd \
      EN work/ham_top 1240495206 CP ham_enc CP ham_decod CP jbc CP hnc
FL C:/David/jop3_ham_crc/jop/vhdl/jtbl.vhd 2009/04/22.11:51:12 J.30
EN work/jtbl 1240495197 FL C:/David/jop3_ham_crc/jop/vhdl/jtbl.vhd \
      PB ieee/std_logic_1164 1163575071 PB ieee/std_logic_arith 1163575072 \
      PB ieee/STD_LOGIC_UNSIGNED 1163575073
AR work/jtbl/rtl 1240495198 \
      FL C:/David/jop3_ham_crc/jop/vhdl/jtbl.vhd EN work/jtbl 1240495197
FL C:/David/jop3_ham_crc/jop/vhdl/memory/mem_sc.vhd 2009/03/03.12:36:53 J.30
FL C:/David/jop3_ham_crc/jop/vhdl/memory/mem_sc_ham.vhd 2008/11/04.13:54:48 J.30
EN work/mem_sc 1240495228 FL C:/David/jop3_ham_crc/jop/vhdl/memory/mem_sc_ham.vhd \
      PB ieee/std_logic_1164 1163575071 PH ieee/NUMERIC_STD 1163575073 \
      PH work/jop_types 1240495186 PH work/sc_pack 1240495203
AR work/mem_sc/rtl 1240495229 \
      FL C:/David/jop3_ham_crc/jop/vhdl/memory/mem_sc_ham.vhd EN work/mem_sc 1240495228 \
      CP cache CP ham_top
FL C:/David/jop3_ham_crc/jop/vhdl/memory/sc_sram32.vhd 2008/08/21.12:06:24 J.30
EN work/sc_mem_if 1240495236 \
      FL C:/David/jop3_ham_crc/jop/vhdl/memory/sc_sram32.vhd \
      PB ieee/std_logic_1164 1163575071 PH ieee/NUMERIC_STD 1163575073 \
      PH work/jop_types 1240495186 PH work/sc_pack 1240495203
AR work/sc_mem_if/rtl 1240495237 \
      FL C:/David/jop3_ham_crc/jop/vhdl/memory/sc_sram32.vhd EN work/sc_mem_if 1240495236
FL C:/David/jop3_ham_crc/jop/vhdl/memory/sdpram.vhd 2008/03/03.05:45:24 J.30
EN work/sdpram 1240495230 FL C:/David/jop3_ham_crc/jop/vhdl/memory/sdpram.vhd \
      PB ieee/std_logic_1164 1163575071 PH ieee/NUMERIC_STD 1163575073
AR work/sdpram/rtl 1240495231 \
      FL C:/David/jop3_ham_crc/jop/vhdl/memory/sdpram.vhd EN work/sdpram 1240495230
FL C:/David/jop3_ham_crc/jop/vhdl/offtbl.vhd 2009/04/22.11:51:12 J.30
EN work/offtbl 1240495195 FL C:/David/jop3_ham_crc/jop/vhdl/offtbl.vhd \
      PB ieee/std_logic_1164 1163575071 PB ieee/std_logic_arith 1163575072 \
      PB ieee/STD_LOGIC_UNSIGNED 1163575073
AR work/offtbl/rtl 1240495196 \
      FL C:/David/jop3_ham_crc/jop/vhdl/offtbl.vhd EN work/offtbl 1240495195
FL C:/David/jop3_ham_crc/jop/vhdl/rom.vhd 2009/04/22.11:51:12 J.30
EN work/rom 1240495193 FL C:/David/jop3_ham_crc/jop/vhdl/rom.vhd \
      PB ieee/std_logic_1164 1163575071 PB ieee/std_logic_arith 1163575072 \
      PB ieee/STD_LOGIC_UNSIGNED 1163575073
AR work/rom/rtl 1240495194 \
      FL C:/David/jop3_ham_crc/jop/vhdl/rom.vhd EN work/rom 1240495193
FL C:/David/jop3_ham_crc/jop/vhdl/scio/fifo.vhd 2008/02/23.19:18:46 J.30
EN work/fifo_elem 1240495199 FL C:/David/jop3_ham_crc/jop/vhdl/scio/fifo.vhd \
      PB ieee/std_logic_1164 1163575071
AR work/fifo_elem/rtl 1240495200 \
      FL C:/David/jop3_ham_crc/jop/vhdl/scio/fifo.vhd EN work/fifo_elem 1240495199
EN work/fifo 1240495201 \
      FL C:/David/jop3_ham_crc/jop/vhdl/scio/fifo.vhd PB ieee/std_logic_1164 1163575071
AR work/fifo/rtl 1240495202 \
      FL C:/David/jop3_ham_crc/jop/vhdl/scio/fifo.vhd EN work/fifo 1240495201 \
      CP fifo_elem
FL C:/David/jop3_ham_crc/jop/vhdl/scio/scio_min.vhd 2008/06/20.11:43:06 J.30
EN work/scio 1240495234 FL C:/David/jop3_ham_crc/jop/vhdl/scio/scio_min.vhd \
      PB ieee/std_logic_1164 1163575071 PH ieee/NUMERIC_STD 1163575073 \
      PH work/jop_types 1240495186 PH work/sc_pack 1240495203 PB work/jop_config 1240495188
AR work/scio/rtl 1240495235 \
      FL C:/David/jop3_ham_crc/jop/vhdl/scio/scio_min.vhd EN work/scio 1240495234 \
      CP work/sc_sys CP work/sc_uart
FL C:/David/jop3_ham_crc/jop/vhdl/scio/sc_sys.vhd 2008/06/20.11:43:06 J.30
EN work/intstate 1240495218 FL C:/David/jop3_ham_crc/jop/vhdl/scio/sc_sys.vhd \
      PB ieee/std_logic_1164 1163575071 PH ieee/NUMERIC_STD 1163575073
AR work/intstate/rtl 1240495219 \
      FL C:/David/jop3_ham_crc/jop/vhdl/scio/sc_sys.vhd EN work/intstate 1240495218
EN work/sc_sys 1240495220 \
      FL C:/David/jop3_ham_crc/jop/vhdl/scio/sc_sys.vhd PB ieee/std_logic_1164 1163575071 \
      PH ieee/NUMERIC_STD 1163575073 PH work/jop_types 1240495186
AR work/sc_sys/rtl 1240495221 \
      FL C:/David/jop3_ham_crc/jop/vhdl/scio/sc_sys.vhd EN work/sc_sys 1240495220 \
      CP work/intstate
FL C:/David/jop3_ham_crc/jop/vhdl/scio/sc_uart.vhd 2008/02/23.19:18:46 J.30
EN work/sc_uart 1240495222 FL C:/David/jop3_ham_crc/jop/vhdl/scio/sc_uart.vhd \
      PB ieee/std_logic_1164 1163575071 PH ieee/NUMERIC_STD 1163575073
AR work/sc_uart/rtl 1240495223 \
      FL C:/David/jop3_ham_crc/jop/vhdl/scio/sc_uart.vhd EN work/sc_uart 1240495222 \
      CP fifo
FL C:/David/jop3_ham_crc/jop/vhdl/simpcon/sc_pack.vhd 2008/02/23.19:18:48 J.30
PH work/sc_pack 1240495203 FL C:/David/jop3_ham_crc/jop/vhdl/simpcon/sc_pack.vhd \
      PB ieee/std_logic_1164 1163575071 PH ieee/NUMERIC_STD 1163575073
FL C:/David/jop3_ham_crc/jop/vhdl/top/jop_config_ml401.vhd 2008/07/24.13:28:26 J.30
PH work/jop_config 1240495187 \
      FL C:/David/jop3_ham_crc/jop/vhdl/top/jop_config_ml401.vhd \
      PB ieee/std_logic_1164 1163575071
PB work/jop_config 1240495188 \
      FL C:/David/jop3_ham_crc/jop/vhdl/top/jop_config_ml401.vhd \
      PH work/jop_config 1240495187
FL C:/David/jop3_ham_crc/jop/vhdl/top/jop_ml401.vhd 2009/04/23.10:47:03 J.30
EN work/jop 1240495238 FL C:/David/jop3_ham_crc/jop/vhdl/top/jop_ml401.vhd \
      PB ieee/std_logic_1164 1163575071 PH ieee/NUMERIC_STD 1163575073 \
      PH work/jop_types 1240495186 PH work/sc_pack 1240495203 PB work/jop_config 1240495188
AR work/jop/rtl 1240495239 \
      FL C:/David/jop3_ham_crc/jop/vhdl/top/jop_ml401.vhd EN work/jop 1240495238 \
      CP work/jopcpu CP work/scio CP work/sc_mem_if
FL C:/David/jop3_ham_crc/jop/vhdl/xilinx/xram.vhd 2008/02/24.12:05:48 J.30
EN work/ram 1240495191 FL C:/David/jop3_ham_crc/jop/vhdl/xilinx/xram.vhd \
      PB ieee/std_logic_1164 1163575071 PB ieee/std_logic_arith 1163575072 \
      PB ieee/STD_LOGIC_UNSIGNED 1163575073 LB unisim PH unisim/VCOMPONENTS 1163575076
AR work/ram/rtl 1240495192 \
      FL C:/David/jop3_ham_crc/jop/vhdl/xilinx/xram.vhd EN work/ram 1240495191 \
      CP xram_block
FL C:/David/jop3_ham_crc/jop/vhdl/xilinx/xs3_jbc.vhd 2008/02/23.19:18:50 J.30
EN work/jbc 1240495182 FL C:/David/jop3_ham_crc/jop/vhdl/xilinx/xs3_jbc.vhd \
      PB ieee/std_logic_1164 1163575071
AR work/jbc/rtl 1240495183 \
      FL C:/David/jop3_ham_crc/jop/vhdl/xilinx/xs3_jbc.vhd EN work/jbc 1240495182 \
      CP RAMB16_S9_S36
FL C:/David/jop3_ham_crc/jop/vhdl/xv4ram_block.vhd 2009/04/22.11:51:12 J.30
EN work/xram_block 1240495176 FL C:/David/jop3_ham_crc/jop/vhdl/xv4ram_block.vhd \
      PB ieee/std_logic_1164 1163575071 PB ieee/std_logic_arith 1163575072 \
      PB ieee/STD_LOGIC_UNSIGNED 1163575073 LB unisim PH unisim/VCOMPONENTS 1163575076
AR work/xram_block/rtl 1240495177 \
      FL C:/David/jop3_ham_crc/jop/vhdl/xv4ram_block.vhd EN work/xram_block 1240495176 \
      CP RAMB16_S36_S36
